[rank: 0] Seed set to 1998
[rank: 1] Seed set to 1998
[rank: 2] Seed set to 1998
[rank: 3] Seed set to 1998
Using 16bit Automatic Mixed Precision (AMP)
GPU available: True (cuda), used: True
TPU available: False, using: 0 TPU cores
HPU available: False, using: 0 HPUs
Traceback (most recent call last):
  File "/home/users/mendrika/virtual-env/DeepLearning/lib/python3.12/site-packages/torch/cuda/__init__.py", line 383, in _lazy_init
    queued_call()
  File "/home/users/mendrika/virtual-env/DeepLearning/lib/python3.12/site-packages/torch/cuda/__init__.py", line 252, in _check_capability
    capability = get_device_capability(d)
                 ^^^^^^^^^^^^^^^^^^^^^^^^
  File "/home/users/mendrika/virtual-env/DeepLearning/lib/python3.12/site-packages/torch/cuda/__init__.py", line 560, in get_device_capability
    prop = get_device_properties(device)
           ^^^^^^^^^^^^^^^^^^^^^^^^^^^^^
  File "/home/users/mendrika/virtual-env/DeepLearning/lib/python3.12/site-packages/torch/cuda/__init__.py", line 580, in get_device_properties
    return _get_device_properties(device)  # type: ignore[name-defined]
           ^^^^^^^^^^^^^^^^^^^^^^^^^^^^^^
RuntimeError: device >= 0 && device < num_gpus INTERNAL ASSERT FAILED at "/pytorch/aten/src/ATen/cuda/CUDAContext.cpp":52, please report a bug to PyTorch. device=2, num_gpus=2

The above exception was the direct cause of the following exception:

Traceback (most recent call last):
  File "/home/users/mendrika/NCAST/NCAST/model/ncast.py", line 257, in <module>
    main()
  File "/home/users/mendrika/NCAST/NCAST/model/ncast.py", line 253, in main
    trainer.fit(model, train_dl, val_dl)
  File "/home/users/mendrika/virtual-env/DeepLearning/lib/python3.12/site-packages/pytorch_lightning/trainer/trainer.py", line 561, in fit
Traceback (most recent call last):
  File "/home/users/mendrika/virtual-env/DeepLearning/lib/python3.12/site-packages/torch/cuda/__init__.py", line 383, in _lazy_init
    queued_call()
  File "/home/users/mendrika/virtual-env/DeepLearning/lib/python3.12/site-packages/torch/cuda/__init__.py", line 252, in _check_capability
    capability = get_device_capability(d)
                 ^^^^^^^^^^^^^^^^^^^^^^^^
  File "/home/users/mendrika/virtual-env/DeepLearning/lib/python3.12/site-packages/torch/cuda/__init__.py", line 560, in get_device_capability
    prop = get_device_properties(device)
           ^^^^^^^^^^^^^^^^^^^^^^^^^^^^^
  File "/home/users/mendrika/virtual-env/DeepLearning/lib/python3.12/site-packages/torch/cuda/__init__.py", line 580, in get_device_properties
    return _get_device_properties(device)  # type: ignore[name-defined]
           ^^^^^^^^^^^^^^^^^^^^^^^^^^^^^^
RuntimeError: device >= 0 && device < num_gpus INTERNAL ASSERT FAILED at "/pytorch/aten/src/ATen/cuda/CUDAContext.cpp":52, please report a bug to PyTorch. device=2, num_gpus=2

The above exception was the direct cause of the following exception:

Traceback (most recent call last):
  File "/home/users/mendrika/NCAST/NCAST/model/ncast.py", line 257, in <module>
    call._call_and_handle_interrupt(
  File "/home/users/mendrika/virtual-env/DeepLearning/lib/python3.12/site-packages/pytorch_lightning/trainer/call.py", line 47, in _call_and_handle_interrupt
    main()
  File "/home/users/mendrika/NCAST/NCAST/model/ncast.py", line 253, in main
    trainer.fit(model, train_dl, val_dl)
  File "/home/users/mendrika/virtual-env/DeepLearning/lib/python3.12/site-packages/pytorch_lightning/trainer/trainer.py", line 561, in fit
    call._call_and_handle_interrupt(
  File "/home/users/mendrika/virtual-env/DeepLearning/lib/python3.12/site-packages/pytorch_lightning/trainer/call.py", line 47, in _call_and_handle_interrupt
    return trainer.strategy.launcher.launch(trainer_fn, *args, trainer=trainer, **kwargs)
    return trainer.strategy.launcher.launch(trainer_fn, *args, trainer=trainer, **kwargs)
           ^^ ^ ^ ^ ^ ^ ^ ^ ^ ^ ^ ^^^^^^^^^^^^^^^^^^^^^^^^^^^^^^^^^^^^^^^^^^^^^^^^^^^^^^^^^^^^^^^^^^^^^^^^^^^^^^^^^^^^^^^^^^^^^^^^^^^^^^^^^^^^^^^^^^^^^^^^^^^^^^^^^^^^
^^^^^^  File "/home/users/mendrika/virtual-env/DeepLearning/lib/python3.12/site-packages/pytorch_lightning/strategies/launchers/subprocess_script.py", line 105, in launch
^^^^^^
  File "/home/users/mendrika/virtual-env/DeepLearning/lib/python3.12/site-packages/pytorch_lightning/strategies/launchers/subprocess_script.py", line 105, in launch
    return function(*args, **kwargs)    
return function(*args, **kwargs)
                   ^ ^ ^ ^^^^^^^^^^^^^^^^^^^^^^^^^^^^^^^^^^^^^^^^^^^^
^^^
  File "/home/users/mendrika/virtual-env/DeepLearning/lib/python3.12/site-packages/pytorch_lightning/trainer/trainer.py", line 599, in _fit_impl
  File "/home/users/mendrika/virtual-env/DeepLearning/lib/python3.12/site-packages/pytorch_lightning/trainer/trainer.py", line 599, in _fit_impl
    self._run(model, ckpt_path=ckpt_path)
  File "/home/users/mendrika/virtual-env/DeepLearning/lib/python3.12/site-packages/pytorch_lightning/trainer/trainer.py", line 968, in _run
    self._run(model, ckpt_path=ckpt_path)
  File "/home/users/mendrika/virtual-env/DeepLearning/lib/python3.12/site-packages/pytorch_lightning/trainer/trainer.py", line 968, in _run
    self.strategy.setup_environment()
  File "/home/users/mendrika/virtual-env/DeepLearning/lib/python3.12/site-packages/pytorch_lightning/strategies/ddp.py", line 153, in setup_environment
    self.strategy.setup_environment()
  File "/home/users/mendrika/virtual-env/DeepLearning/lib/python3.12/site-packages/pytorch_lightning/strategies/ddp.py", line 153, in setup_environment
    super().setup_environment()
  File "/home/users/mendrika/virtual-env/DeepLearning/lib/python3.12/site-packages/pytorch_lightning/strategies/strategy.py", line 129, in setup_environment
    super().setup_environment()
  File "/home/users/mendrika/virtual-env/DeepLearning/lib/python3.12/site-packages/pytorch_lightning/strategies/strategy.py", line 129, in setup_environment
    self.accelerator.setup_device(self.root_device)    
self.accelerator.setup_device(self.root_device)
  File "/home/users/mendrika/virtual-env/DeepLearning/lib/python3.12/site-packages/pytorch_lightning/accelerators/cuda.py", line 46, in setup_device
  File "/home/users/mendrika/virtual-env/DeepLearning/lib/python3.12/site-packages/pytorch_lightning/accelerators/cuda.py", line 46, in setup_device
        _check_cuda_matmul_precision(device)_check_cuda_matmul_precision(device)

  File "/home/users/mendrika/virtual-env/DeepLearning/lib/python3.12/site-packages/lightning_fabric/accelerators/cuda.py", line 161, in _check_cuda_matmul_precision
  File "/home/users/mendrika/virtual-env/DeepLearning/lib/python3.12/site-packages/lightning_fabric/accelerators/cuda.py", line 161, in _check_cuda_matmul_precision
        if not torch.cuda.is_available() or not _is_ampere_or_later(device):if not torch.cuda.is_available() or not _is_ampere_or_later(device):

                                                                                      ^ ^ ^^^^^^^^^^^^^^^^^^^^^^^^^^^^^^^^^^^^^^^^^^^^^^^^^^
^^  File "/home/users/mendrika/virtual-env/DeepLearning/lib/python3.12/site-packages/lightning_fabric/accelerators/cuda.py", line 155, in _is_ampere_or_later

  File "/home/users/mendrika/virtual-env/DeepLearning/lib/python3.12/site-packages/lightning_fabric/accelerators/cuda.py", line 155, in _is_ampere_or_later
    major, _ = torch.cuda.get_device_capability(device)
    major, _ = torch.cuda.get_device_capability(device)
                ^ ^ ^ ^ ^ ^ ^ ^ ^ ^ ^ ^ ^ ^ ^^^^^^^^^^^^^^^^^^^^^^^^^^^^^^^^^^^^^^^^^^^^^^^^^^^^
^^  File "/home/users/mendrika/virtual-env/DeepLearning/lib/python3.12/site-packages/torch/cuda/__init__.py", line 560, in get_device_capability
^^^^^^^^^^^^
  File "/home/users/mendrika/virtual-env/DeepLearning/lib/python3.12/site-packages/torch/cuda/__init__.py", line 560, in get_device_capability
    prop = get_device_properties(device)
    prop = get_device_properties(device)
              ^ ^ ^ ^ ^ ^ ^ ^ ^^^^^^^^^^^^^^^^^^^^^^^^^^^^^^^^^^^^^^^^^^
^^  File "/home/users/mendrika/virtual-env/DeepLearning/lib/python3.12/site-packages/torch/cuda/__init__.py", line 576, in get_device_properties
^^^^^^
  File "/home/users/mendrika/virtual-env/DeepLearning/lib/python3.12/site-packages/torch/cuda/__init__.py", line 576, in get_device_properties
    _lazy_init()  # will define _get_device_properties
        _lazy_init()  # will define _get_device_properties^
^^^^^^^^^^ ^ 
  ^^  File "/home/users/mendrika/virtual-env/DeepLearning/lib/python3.12/site-packages/torch/cuda/__init__.py", line 389, in _lazy_init
^^^^^^^^^^
  File "/home/users/mendrika/virtual-env/DeepLearning/lib/python3.12/site-packages/torch/cuda/__init__.py", line 389, in _lazy_init
    raise DeferredCudaCallError(msg) from e
torch.cuda.DeferredCudaCallError: CUDA call failed lazily at initialization with error: device >= 0 && device < num_gpus INTERNAL ASSERT FAILED at "/pytorch/aten/src/ATen/cuda/CUDAContext.cpp":52, please report a bug to PyTorch. device=2, num_gpus=2

CUDA call was originally invoked at:

  File "/home/users/mendrika/NCAST/NCAST/model/ncast.py", line 6, in <module>
    import torch
  File "<frozen importlib._bootstrap>", line 1360, in _find_and_load
  File "<frozen importlib._bootstrap>", line 1331, in _find_and_load_unlocked
  File "<frozen importlib._bootstrap>", line 935, in _load_unlocked
  File "<frozen importlib._bootstrap_external>", line 995, in exec_module
  File "<frozen importlib._bootstrap>", line 488, in _call_with_frames_removed
  File "/home/users/mendrika/virtual-env/DeepLearning/lib/python3.12/site-packages/torch/__init__.py", line 2064, in <module>
    _C._initExtension(_manager_path())
  File "<frozen importlib._bootstrap>", line 1360, in _find_and_load
  File "<frozen importlib._bootstrap>", line 1331, in _find_and_load_unlocked
  File "<frozen importlib._bootstrap>", line 935, in _load_unlocked
  File "<frozen importlib._bootstrap_external>", line 995, in exec_module
  File "<frozen importlib._bootstrap>", line 488, in _call_with_frames_removed
  File "/home/users/mendrika/virtual-env/DeepLearning/lib/python3.12/site-packages/torch/cuda/__init__.py", line 317, in <module>
    _lazy_call(_check_capability)
  File "/home/users/mendrika/virtual-env/DeepLearning/lib/python3.12/site-packages/torch/cuda/__init__.py", line 314, in _lazy_call
    _queued_calls.append((callable, traceback.format_stack()))

    raise DeferredCudaCallError(msg) from e
torch.cuda.DeferredCudaCallError: CUDA call failed lazily at initialization with error: device >= 0 && device < num_gpus INTERNAL ASSERT FAILED at "/pytorch/aten/src/ATen/cuda/CUDAContext.cpp":52, please report a bug to PyTorch. device=2, num_gpus=2

CUDA call was originally invoked at:

  File "/home/users/mendrika/NCAST/NCAST/model/ncast.py", line 6, in <module>
    import torch
  File "<frozen importlib._bootstrap>", line 1360, in _find_and_load
  File "<frozen importlib._bootstrap>", line 1331, in _find_and_load_unlocked
  File "<frozen importlib._bootstrap>", line 935, in _load_unlocked
  File "<frozen importlib._bootstrap_external>", line 995, in exec_module
  File "<frozen importlib._bootstrap>", line 488, in _call_with_frames_removed
  File "/home/users/mendrika/virtual-env/DeepLearning/lib/python3.12/site-packages/torch/__init__.py", line 2064, in <module>
    _C._initExtension(_manager_path())
  File "<frozen importlib._bootstrap>", line 1360, in _find_and_load
  File "<frozen importlib._bootstrap>", line 1331, in _find_and_load_unlocked
  File "<frozen importlib._bootstrap>", line 935, in _load_unlocked
  File "<frozen importlib._bootstrap_external>", line 995, in exec_module
  File "<frozen importlib._bootstrap>", line 488, in _call_with_frames_removed
  File "/home/users/mendrika/virtual-env/DeepLearning/lib/python3.12/site-packages/torch/cuda/__init__.py", line 317, in <module>
    _lazy_call(_check_capability)
  File "/home/users/mendrika/virtual-env/DeepLearning/lib/python3.12/site-packages/torch/cuda/__init__.py", line 314, in _lazy_call
    _queued_calls.append((callable, traceback.format_stack()))

Traceback (most recent call last):
  File "/home/users/mendrika/virtual-env/DeepLearning/lib/python3.12/site-packages/torch/cuda/__init__.py", line 383, in _lazy_init
    queued_call()
  File "/home/users/mendrika/virtual-env/DeepLearning/lib/python3.12/site-packages/torch/cuda/__init__.py", line 252, in _check_capability
    capability = get_device_capability(d)
                 ^^^^^^^^^^^^^^^^^^^^^^^^
  File "/home/users/mendrika/virtual-env/DeepLearning/lib/python3.12/site-packages/torch/cuda/__init__.py", line 560, in get_device_capability
    prop = get_device_properties(device)
           ^^^^^^^^^^^^^^^^^^^^^^^^^^^^^
  File "/home/users/mendrika/virtual-env/DeepLearning/lib/python3.12/site-packages/torch/cuda/__init__.py", line 580, in get_device_properties
    return _get_device_properties(device)  # type: ignore[name-defined]
           ^^^^^^^^^^^^^^^^^^^^^^^^^^^^^^
RuntimeError: device >= 0 && device < num_gpus INTERNAL ASSERT FAILED at "/pytorch/aten/src/ATen/cuda/CUDAContext.cpp":52, please report a bug to PyTorch. device=2, num_gpus=2

The above exception was the direct cause of the following exception:

Traceback (most recent call last):
  File "/home/users/mendrika/NCAST/NCAST/model/ncast.py", line 257, in <module>
    main()
  File "/home/users/mendrika/NCAST/NCAST/model/ncast.py", line 253, in main
    trainer.fit(model, train_dl, val_dl)
  File "/home/users/mendrika/virtual-env/DeepLearning/lib/python3.12/site-packages/pytorch_lightning/trainer/trainer.py", line 561, in fit
    call._call_and_handle_interrupt(
  File "/home/users/mendrika/virtual-env/DeepLearning/lib/python3.12/site-packages/pytorch_lightning/trainer/call.py", line 47, in _call_and_handle_interrupt
    return trainer.strategy.launcher.launch(trainer_fn, *args, trainer=trainer, **kwargs)
           ^^^^^^^^^^^^^^^^^^^^^^^^^^^^^^^^^^^^^^^^^^^^^^^^^^^^^^^^^^^^^^^^^^^^^^^^^^^^^^
  File "/home/users/mendrika/virtual-env/DeepLearning/lib/python3.12/site-packages/pytorch_lightning/strategies/launchers/subprocess_script.py", line 105, in launch
    return function(*args, **kwargs)
           ^^^^^^^^^^^^^^^^^^^^^^^^^
  File "/home/users/mendrika/virtual-env/DeepLearning/lib/python3.12/site-packages/pytorch_lightning/trainer/trainer.py", line 599, in _fit_impl
    self._run(model, ckpt_path=ckpt_path)
  File "/home/users/mendrika/virtual-env/DeepLearning/lib/python3.12/site-packages/pytorch_lightning/trainer/trainer.py", line 968, in _run
    self.strategy.setup_environment()
  File "/home/users/mendrika/virtual-env/DeepLearning/lib/python3.12/site-packages/pytorch_lightning/strategies/ddp.py", line 153, in setup_environment
    super().setup_environment()
  File "/home/users/mendrika/virtual-env/DeepLearning/lib/python3.12/site-packages/pytorch_lightning/strategies/strategy.py", line 129, in setup_environment
    self.accelerator.setup_device(self.root_device)
  File "/home/users/mendrika/virtual-env/DeepLearning/lib/python3.12/site-packages/pytorch_lightning/accelerators/cuda.py", line 46, in setup_device
Traceback (most recent call last):
  File "/home/users/mendrika/virtual-env/DeepLearning/lib/python3.12/site-packages/torch/cuda/__init__.py", line 383, in _lazy_init
    _check_cuda_matmul_precision(device)
  File "/home/users/mendrika/virtual-env/DeepLearning/lib/python3.12/site-packages/lightning_fabric/accelerators/cuda.py", line 161, in _check_cuda_matmul_precision
    if not torch.cuda.is_available() or not _is_ampere_or_later(device):
                                            ^^^^^^^^^^^^^^^^^^^^^^^^    ^queued_call()^
^
  File "/home/users/mendrika/virtual-env/DeepLearning/lib/python3.12/site-packages/lightning_fabric/accelerators/cuda.py", line 155, in _is_ampere_or_later
  File "/home/users/mendrika/virtual-env/DeepLearning/lib/python3.12/site-packages/torch/cuda/__init__.py", line 252, in _check_capability
    major, _ = torch.cuda.get_device_capability(device)
               ^^^^^^^^^^^^    ^capability = get_device_capability(d)^
^^^^^^^^^^^^^^ ^ ^ ^ ^ ^ ^ ^ ^ ^ ^ ^ ^ 
    File "/home/users/mendrika/virtual-env/DeepLearning/lib/python3.12/site-packages/torch/cuda/__init__.py", line 560, in get_device_capability
  ^^^^^^^^^^^^^^^^^^^^^^^^
  File "/home/users/mendrika/virtual-env/DeepLearning/lib/python3.12/site-packages/torch/cuda/__init__.py", line 560, in get_device_capability
    prop = get_device_properties(device)
           ^^^^^^^^^^    ^prop = get_device_properties(device)^
^^^^^^^^^^^^ ^ ^ ^ ^ ^ 
    File "/home/users/mendrika/virtual-env/DeepLearning/lib/python3.12/site-packages/torch/cuda/__init__.py", line 576, in get_device_properties
   ^^^^^^^^^^^^^^^^^^^^^^^^^^^^^
  File "/home/users/mendrika/virtual-env/DeepLearning/lib/python3.12/site-packages/torch/cuda/__init__.py", line 580, in get_device_properties
    _lazy_init()  # will define _get_device_properties
    ^^^^^^^^^^^^
  File "/home/users/mendrika/virtual-env/DeepLearning/lib/python3.12/site-packages/torch/cuda/__init__.py", line 389, in _lazy_init
    return _get_device_properties(device)  # type: ignore[name-defined]
           ^^^^^^^^^^^^^^^^^^^^^^^^^^^^^^
RuntimeError: device >= 0 && device < num_gpus INTERNAL ASSERT FAILED at "/pytorch/aten/src/ATen/cuda/CUDAContext.cpp":52, please report a bug to PyTorch. device=2, num_gpus=2

The above exception was the direct cause of the following exception:

Traceback (most recent call last):
  File "/home/users/mendrika/NCAST/NCAST/model/ncast.py", line 257, in <module>
    raise DeferredCudaCallError(msg) from e
torch.cuda.DeferredCudaCallError: CUDA call failed lazily at initialization with error: device >= 0 && device < num_gpus INTERNAL ASSERT FAILED at "/pytorch/aten/src/ATen/cuda/CUDAContext.cpp":52, please report a bug to PyTorch. device=2, num_gpus=2

CUDA call was originally invoked at:

  File "/home/users/mendrika/NCAST/NCAST/model/ncast.py", line 6, in <module>
    import torch
  File "<frozen importlib._bootstrap>", line 1360, in _find_and_load
  File "<frozen importlib._bootstrap>", line 1331, in _find_and_load_unlocked
  File "<frozen importlib._bootstrap>", line 935, in _load_unlocked
  File "<frozen importlib._bootstrap_external>", line 995, in exec_module
  File "<frozen importlib._bootstrap>", line 488, in _call_with_frames_removed
  File "/home/users/mendrika/virtual-env/DeepLearning/lib/python3.12/site-packages/torch/__init__.py", line 2064, in <module>
    _C._initExtension(_manager_path())
  File "<frozen importlib._bootstrap>", line 1360, in _find_and_load
  File "<frozen importlib._bootstrap>", line 1331, in _find_and_load_unlocked
  File "<frozen importlib._bootstrap>", line 935, in _load_unlocked
  File "<frozen importlib._bootstrap_external>", line 995, in exec_module
  File "<frozen importlib._bootstrap>", line 488, in _call_with_frames_removed
  File "/home/users/mendrika/virtual-env/DeepLearning/lib/python3.12/site-packages/torch/cuda/__init__.py", line 317, in <module>
    _lazy_call(_check_capability)
  File "/home/users/mendrika/virtual-env/DeepLearning/lib/python3.12/site-packages/torch/cuda/__init__.py", line 314, in _lazy_call
    _queued_calls.append((callable, traceback.format_stack()))

    main()
  File "/home/users/mendrika/NCAST/NCAST/model/ncast.py", line 253, in main
    trainer.fit(model, train_dl, val_dl)
  File "/home/users/mendrika/virtual-env/DeepLearning/lib/python3.12/site-packages/pytorch_lightning/trainer/trainer.py", line 561, in fit
    call._call_and_handle_interrupt(
  File "/home/users/mendrika/virtual-env/DeepLearning/lib/python3.12/site-packages/pytorch_lightning/trainer/call.py", line 47, in _call_and_handle_interrupt
    return trainer.strategy.launcher.launch(trainer_fn, *args, trainer=trainer, **kwargs)
           ^^^^^^^^^^^^^^^^^^^^^^^^^^^^^^^^^^^^^^^^^^^^^^^^^^^^^^^^^^^^^^^^^^^^^^^^^^^^^^
  File "/home/users/mendrika/virtual-env/DeepLearning/lib/python3.12/site-packages/pytorch_lightning/strategies/launchers/subprocess_script.py", line 105, in launch
    return function(*args, **kwargs)
           ^^^^^^^^^^^^^^^^^^^^^^^^^
  File "/home/users/mendrika/virtual-env/DeepLearning/lib/python3.12/site-packages/pytorch_lightning/trainer/trainer.py", line 599, in _fit_impl
    self._run(model, ckpt_path=ckpt_path)
  File "/home/users/mendrika/virtual-env/DeepLearning/lib/python3.12/site-packages/pytorch_lightning/trainer/trainer.py", line 968, in _run
    self.strategy.setup_environment()
  File "/home/users/mendrika/virtual-env/DeepLearning/lib/python3.12/site-packages/pytorch_lightning/strategies/ddp.py", line 153, in setup_environment
    super().setup_environment()
  File "/home/users/mendrika/virtual-env/DeepLearning/lib/python3.12/site-packages/pytorch_lightning/strategies/strategy.py", line 129, in setup_environment
    self.accelerator.setup_device(self.root_device)
  File "/home/users/mendrika/virtual-env/DeepLearning/lib/python3.12/site-packages/pytorch_lightning/accelerators/cuda.py", line 46, in setup_device
    _check_cuda_matmul_precision(device)
  File "/home/users/mendrika/virtual-env/DeepLearning/lib/python3.12/site-packages/lightning_fabric/accelerators/cuda.py", line 161, in _check_cuda_matmul_precision
    if not torch.cuda.is_available() or not _is_ampere_or_later(device):
                                            ^^^^^^^^^^^^^^^^^^^^^^^^^^^
  File "/home/users/mendrika/virtual-env/DeepLearning/lib/python3.12/site-packages/lightning_fabric/accelerators/cuda.py", line 155, in _is_ampere_or_later
    major, _ = torch.cuda.get_device_capability(device)
               ^^^^^^^^^^^^^^^^^^^^^^^^^^^^^^^^^^^^^^^^
  File "/home/users/mendrika/virtual-env/DeepLearning/lib/python3.12/site-packages/torch/cuda/__init__.py", line 560, in get_device_capability
    prop = get_device_properties(device)
           ^^^^^^^^^^^^^^^^^^^^^^^^^^^^^
  File "/home/users/mendrika/virtual-env/DeepLearning/lib/python3.12/site-packages/torch/cuda/__init__.py", line 576, in get_device_properties
    _lazy_init()  # will define _get_device_properties
    ^^^^^^^^^^^^
  File "/home/users/mendrika/virtual-env/DeepLearning/lib/python3.12/site-packages/torch/cuda/__init__.py", line 389, in _lazy_init
    raise DeferredCudaCallError(msg) from e
torch.cuda.DeferredCudaCallError: CUDA call failed lazily at initialization with error: device >= 0 && device < num_gpus INTERNAL ASSERT FAILED at "/pytorch/aten/src/ATen/cuda/CUDAContext.cpp":52, please report a bug to PyTorch. device=2, num_gpus=2

CUDA call was originally invoked at:

  File "/home/users/mendrika/NCAST/NCAST/model/ncast.py", line 6, in <module>
    import torch
  File "<frozen importlib._bootstrap>", line 1360, in _find_and_load
  File "<frozen importlib._bootstrap>", line 1331, in _find_and_load_unlocked
  File "<frozen importlib._bootstrap>", line 935, in _load_unlocked
  File "<frozen importlib._bootstrap_external>", line 995, in exec_module
  File "<frozen importlib._bootstrap>", line 488, in _call_with_frames_removed
  File "/home/users/mendrika/virtual-env/DeepLearning/lib/python3.12/site-packages/torch/__init__.py", line 2064, in <module>
    _C._initExtension(_manager_path())
  File "<frozen importlib._bootstrap>", line 1360, in _find_and_load
  File "<frozen importlib._bootstrap>", line 1331, in _find_and_load_unlocked
  File "<frozen importlib._bootstrap>", line 935, in _load_unlocked
  File "<frozen importlib._bootstrap_external>", line 995, in exec_module
  File "<frozen importlib._bootstrap>", line 488, in _call_with_frames_removed
  File "/home/users/mendrika/virtual-env/DeepLearning/lib/python3.12/site-packages/torch/cuda/__init__.py", line 317, in <module>
    _lazy_call(_check_capability)
  File "/home/users/mendrika/virtual-env/DeepLearning/lib/python3.12/site-packages/torch/cuda/__init__.py", line 314, in _lazy_call
    _queued_calls.append((callable, traceback.format_stack()))

E0526 12:40:26.053000 1504312 torch/distributed/elastic/multiprocessing/api.py:874] failed (exitcode: 1) local_rank: 0 (pid: 1504373) of binary: /home/users/mendrika/virtual-env/DeepLearning/bin/python
Traceback (most recent call last):
  File "/home/users/mendrika/virtual-env/DeepLearning/bin/torchrun", line 8, in <module>
    sys.exit(main())
             ^^^^^^
  File "/home/users/mendrika/virtual-env/DeepLearning/lib/python3.12/site-packages/torch/distributed/elastic/multiprocessing/errors/__init__.py", line 355, in wrapper
    return f(*args, **kwargs)
           ^^^^^^^^^^^^^^^^^^
  File "/home/users/mendrika/virtual-env/DeepLearning/lib/python3.12/site-packages/torch/distributed/run.py", line 892, in main
    run(args)
  File "/home/users/mendrika/virtual-env/DeepLearning/lib/python3.12/site-packages/torch/distributed/run.py", line 883, in run
    elastic_launch(
  File "/home/users/mendrika/virtual-env/DeepLearning/lib/python3.12/site-packages/torch/distributed/launcher/api.py", line 139, in __call__
    return launch_agent(self._config, self._entrypoint, list(args))
           ^^^^^^^^^^^^^^^^^^^^^^^^^^^^^^^^^^^^^^^^^^^^^^^^^^^^^^^^
  File "/home/users/mendrika/virtual-env/DeepLearning/lib/python3.12/site-packages/torch/distributed/launcher/api.py", line 270, in launch_agent
    raise ChildFailedError(
torch.distributed.elastic.multiprocessing.errors.ChildFailedError: 
============================================================
/home/users/mendrika/NCAST/NCAST/model/ncast.py FAILED
------------------------------------------------------------
Failures:
[1]:
  time      : 2026-05-26_12:40:26
  host      : gpuhost013.jc.rl.ac.uk
  rank      : 1 (local_rank: 1)
  exitcode  : 1 (pid: 1504374)
  error_file: <N/A>
  traceback : To enable traceback see: https://pytorch.org/docs/stable/elastic/errors.html
[2]:
  time      : 2026-05-26_12:40:26
  host      : gpuhost013.jc.rl.ac.uk
  rank      : 2 (local_rank: 2)
  exitcode  : 1 (pid: 1504375)
  error_file: <N/A>
  traceback : To enable traceback see: https://pytorch.org/docs/stable/elastic/errors.html
[3]:
  time      : 2026-05-26_12:40:26
  host      : gpuhost013.jc.rl.ac.uk
  rank      : 3 (local_rank: 3)
  exitcode  : 1 (pid: 1504376)
  error_file: <N/A>
  traceback : To enable traceback see: https://pytorch.org/docs/stable/elastic/errors.html
------------------------------------------------------------
Root Cause (first observed failure):
[0]:
  time      : 2026-05-26_12:40:26
  host      : gpuhost013.jc.rl.ac.uk
  rank      : 0 (local_rank: 0)
  exitcode  : 1 (pid: 1504373)
  error_file: <N/A>
  traceback : To enable traceback see: https://pytorch.org/docs/stable/elastic/errors.html
============================================================
